// Vitest Snapshot v1, https://vitest.dev/guide/snapshot.html

exports[`oxlint standalone fixtures > should produce the expected diagnostics 1`] = `
[
  "javascript.js:100 unicorn-js(name-replacements)",
  "javascript.js:101 unicorn(prefer-includes)",
  "javascript.js:109 unicorn(prefer-optional-catch-binding)",
  "javascript.js:109 unused-imports(no-unused-vars)",
  "javascript.js:113 jsdoc-js(convert-to-jsdoc-comments)",
  "javascript.js:115 sonar(no-duplicate-string)",
  "javascript.js:117 eslint-js(id-length)",
  "javascript.js:118 eslint-js(id-length)",
  "javascript.js:122 jsdoc-js(convert-to-jsdoc-comments)",
  "javascript.js:124 sonar(no-collapsible-if)",
  "javascript.js:125 unicorn(no-lonely-if)",
  "javascript.js:13 eslint(no-eval)",
  "javascript.js:131 jsdoc-js(convert-to-jsdoc-comments)",
  "javascript.js:133 sonar(prefer-immediate-return)",
  "javascript.js:137 jsdoc-js(convert-to-jsdoc-comments)",
  "javascript.js:139 sonar(prefer-single-boolean-return)",
  "javascript.js:142 style(padding-line-between-statements)",
  "javascript.js:146 eslint(no-unmodified-loop-condition)",
  "javascript.js:146 eslint(no-unreachable-loop)",
  "javascript.js:146 sonar(prefer-while)",
  "javascript.js:150 jsdoc-js(convert-to-jsdoc-comments)",
  "javascript.js:152 unicorn-js(name-replacements)",
  "javascript.js:153 promise(no-return-wrap)",
  "javascript.js:153 unicorn(no-useless-promise-resolve-reject)",
  "javascript.js:158 eslint(no-alert)",
  "javascript.js:16 eslint(no-console)",
  "javascript.js:160 jsdoc-js(convert-to-jsdoc-comments)",
  "javascript.js:162 de-morgan(no-negated-conjunction)",
  "javascript.js:165 jsdoc-js(convert-to-jsdoc-comments)",
  "javascript.js:166 better-max-params(better-max-params)",
  "javascript.js:166 eslint-js(id-length)",
  "javascript.js:166 eslint-js(id-length)",
  "javascript.js:171 eslint(prefer-const)",
  "javascript.js:171 eslint(prefer-const)",
  "javascript.js:171 eslint-js(one-var)",
  "javascript.js:176 perfectionist(sort-objects)",
  "javascript.js:180 jsdoc-js(convert-to-jsdoc-comments)",
  "javascript.js:181 eslint(no-empty-function)",
  "javascript.js:183 jsdoc-js(convert-to-jsdoc-comments)",
  "javascript.js:188 style(padding-line-between-statements)",
  "javascript.js:19 eslint(prefer-template)",
  "javascript.js:19 unicorn-js(no-useless-concat)",
  "javascript.js:2 eslint(no-var)",
  "javascript.js:23 eslint(object-shorthand)",
  "javascript.js:23 eslint(object-shorthand)",
  "javascript.js:23 unicorn-js(name-replacements)",
  "javascript.js:28 jsdoc-js(convert-to-jsdoc-comments)",
  "javascript.js:30 unicorn(prefer-ternary)",
  "javascript.js:31 eslint(no-else-return)",
  "javascript.js:37 jsdoc-js(convert-to-jsdoc-comments)",
  "javascript.js:39 eslint(curly)",
  "javascript.js:43 eslint(no-unneeded-ternary)",
  "javascript.js:43 unicorn(prefer-logical-operator-over-ternary)",
  "javascript.js:43 unicorn-js(name-replacements)",
  "javascript.js:46 eslint(no-extra-boolean-cast)",
  "javascript.js:5 eslint(prefer-const)",
  "javascript.js:51 eslint(yoda)",
  "javascript.js:56 eslint(prefer-const)",
  "javascript.js:56 unicorn-js(name-replacements)",
  "javascript.js:57 eslint(logical-assignment-operators)",
  "javascript.js:59 jsdoc-js(convert-to-jsdoc-comments)",
  "javascript.js:64 eslint(no-lonely-if)",
  "javascript.js:71 eslint(prefer-const)",
  "javascript.js:71 eslint-js(no-undef-init)",
  "javascript.js:71 unicorn(no-useless-undefined)",
  "javascript.js:74 eslint(no-useless-rename)",
  "javascript.js:77 eslint(no-useless-computed-key)",
  "javascript.js:8 eslint(eqeqeq)",
  "javascript.js:80 eslint(prefer-exponentiation-operator)",
  "javascript.js:83 eslint(no-useless-call)",
  "javascript.js:85 jsdoc-js(convert-to-jsdoc-comments)",
  "javascript.js:88 eslint(no-useless-return)",
  "javascript.js:88 sonar(no-redundant-jump)",
  "javascript.js:91 jsdoc-js(convert-to-jsdoc-comments)",
  "javascript.js:92 eslint(no-extra-bind)",
  "javascript.js:95 unicorn(no-array-for-each)",
  "tsx.tsx:103 jsdoc-js(convert-to-jsdoc-comments)",
  "tsx.tsx:105 sonar(prefer-immediate-return)",
  "tsx.tsx:109 jsdoc-js(convert-to-jsdoc-comments)",
  "tsx.tsx:11 typescript(array-type)",
  "tsx.tsx:111 sonar(prefer-single-boolean-return)",
  "tsx.tsx:114 style(padding-line-between-statements)",
  "tsx.tsx:117 jsdoc-js(convert-to-jsdoc-comments)",
  "tsx.tsx:118 better-max-params(better-max-params)",
  "tsx.tsx:118 eslint-js(id-length)",
  "tsx.tsx:118 eslint-js(id-length)",
  "tsx.tsx:126 eslint(no-useless-computed-key)",
  "tsx.tsx:131 jsdoc-js(convert-to-jsdoc-comments)",
  "tsx.tsx:136 eslint(no-lonely-if)",
  "tsx.tsx:142 jsdoc-js(convert-to-jsdoc-comments)",
  "tsx.tsx:143 typescript(explicit-function-return-type)",
  "tsx.tsx:16 perfectionist(sort-interfaces)",
  "tsx.tsx:17 perfectionist(sort-interfaces)",
  "tsx.tsx:2 typescript(consistent-type-imports)",
  "tsx.tsx:20 perfectionist(sort-interfaces)",
  "tsx.tsx:20 unicorn-js(no-keyword-prefix)",
  "tsx.tsx:24 perfectionist(sort-union-types)",
  "tsx.tsx:29 perfectionist(sort-objects)",
  "tsx.tsx:30 perfectionist(sort-objects)",
  "tsx.tsx:31 perfectionist(sort-objects)",
  "tsx.tsx:34 jsdoc-js(convert-to-jsdoc-comments)",
  "tsx.tsx:35 perfectionist(sort-union-types)",
  "tsx.tsx:36 eslint(eqeqeq)",
  "tsx.tsx:39 jsdoc-js(convert-to-jsdoc-comments)",
  "tsx.tsx:41 unicorn(prefer-ternary)",
  "tsx.tsx:42 eslint(no-else-return)",
  "tsx.tsx:49 eslint(prefer-template)",
  "tsx.tsx:49 unicorn-js(no-useless-concat)",
  "tsx.tsx:5 eslint(prefer-const)",
  "tsx.tsx:53 eslint(object-shorthand)",
  "tsx.tsx:54 eslint(object-shorthand)",
  "tsx.tsx:57 jsdoc-js(convert-to-jsdoc-comments)",
  "tsx.tsx:59 eslint(curly)",
  "tsx.tsx:59 eslint(no-useless-return)",
  "tsx.tsx:63 eslint-js(id-length)",
  "tsx.tsx:66 unicorn(no-array-for-each)",
  "tsx.tsx:70 jsdoc-js(convert-to-jsdoc-comments)",
  "tsx.tsx:72 de-morgan(no-negated-conjunction)",
  "tsx.tsx:75 jsdoc-js(convert-to-jsdoc-comments)",
  "tsx.tsx:77 perfectionist(sort-jsx-props)",
  "tsx.tsx:8 typescript(no-inferrable-types)",
  "tsx.tsx:80 jsdoc-js(convert-to-jsdoc-comments)",
  "tsx.tsx:82 perfectionist(sort-jsx-props)",
  "tsx.tsx:87 typescript(explicit-member-accessibility)",
  "tsx.tsx:89 typescript(explicit-member-accessibility)",
  "tsx.tsx:94 jsdoc-js(convert-to-jsdoc-comments)",
  "tsx.tsx:96 sonar(no-duplicate-string)",
  "tsx.tsx:98 eslint-js(id-length)",
  "tsx.tsx:99 eslint-js(id-length)",
  "typescript.ts:7 undefined",
]
`;
